Nothing to build in platform 'zybo_z7_20_pfm1'

16:55:11 **** Incremental Build of configuration Debug for project sw_proj8_cpp ****
make all 
make --no-print-directory pre-build
a9-linaro-pre-build-step
' '
make --no-print-directory main-build
'Building file: ../src/classes/ps_gpio.cpp'
'Invoking: ARM v7 g++ compiler'
arm-none-eabi-g++ -Wall -O0 -g3 -c -fmessage-length=0 -MT"src/classes/ps_gpio.o" -mcpu=cortex-a9 -mfpu=vfpv3 -mfloat-abi=hard -IF:/Documents/GitHub/zynq-cpp-sandbox/2023.2/zybo-z7-20/hw_proj1/vitis_classic/zybo_z7_20_pfm1/export/zybo_z7_20_pfm1/sw/zybo_z7_20_pfm1/standalone_domain/bspinclude/include -MMD -MP -MF"src/classes/ps_gpio.d" -MT"src/classes/ps_gpio.o" -o "src/classes/ps_gpio.o" "../src/classes/ps_gpio.cpp"
'Finished building: ../src/classes/ps_gpio.cpp'
' '
'Building file: ../src/classes/scutimer.cpp'
'Invoking: ARM v7 g++ compiler'
arm-none-eabi-g++ -Wall -O0 -g3 -c -fmessage-length=0 -MT"src/classes/scutimer.o" -mcpu=cortex-a9 -mfpu=vfpv3 -mfloat-abi=hard -IF:/Documents/GitHub/zynq-cpp-sandbox/2023.2/zybo-z7-20/hw_proj1/vitis_classic/zybo_z7_20_pfm1/export/zybo_z7_20_pfm1/sw/zybo_z7_20_pfm1/standalone_domain/bspinclude/include -MMD -MP -MF"src/classes/scutimer.d" -MT"src/classes/scutimer.o" -o "src/classes/scutimer.o" "../src/classes/scutimer.cpp"
'Finished building: ../src/classes/scutimer.cpp'
' '
'Building file: ../src/classes/scuwdt.cpp'
'Invoking: ARM v7 g++ compiler'
arm-none-eabi-g++ -Wall -O0 -g3 -c -fmessage-length=0 -MT"src/classes/scuwdt.o" -mcpu=cortex-a9 -mfpu=vfpv3 -mfloat-abi=hard -IF:/Documents/GitHub/zynq-cpp-sandbox/2023.2/zybo-z7-20/hw_proj1/vitis_classic/zybo_z7_20_pfm1/export/zybo_z7_20_pfm1/sw/zybo_z7_20_pfm1/standalone_domain/bspinclude/include -MMD -MP -MF"src/classes/scuwdt.d" -MT"src/classes/scuwdt.o" -o "src/classes/scuwdt.o" "../src/classes/scuwdt.cpp"
'Finished building: ../src/classes/scuwdt.cpp'
' '
'Building file: ../src/classes/ttc.cpp'
'Invoking: ARM v7 g++ compiler'
arm-none-eabi-g++ -Wall -O0 -g3 -c -fmessage-length=0 -MT"src/classes/ttc.o" -mcpu=cortex-a9 -mfpu=vfpv3 -mfloat-abi=hard -IF:/Documents/GitHub/zynq-cpp-sandbox/2023.2/zybo-z7-20/hw_proj1/vitis_classic/zybo_z7_20_pfm1/export/zybo_z7_20_pfm1/sw/zybo_z7_20_pfm1/standalone_domain/bspinclude/include -MMD -MP -MF"src/classes/ttc.d" -MT"src/classes/ttc.o" -o "src/classes/ttc.o" "../src/classes/ttc.cpp"
'Finished building: ../src/classes/ttc.cpp'
' '
'Building file: ../src/intr_sys.c'
'Invoking: ARM v7 g++ compiler'
arm-none-eabi-g++ -Wall -O0 -g3 -c -fmessage-length=0 -MT"src/intr_sys.o" -mcpu=cortex-a9 -mfpu=vfpv3 -mfloat-abi=hard -IF:/Documents/GitHub/zynq-cpp-sandbox/2023.2/zybo-z7-20/hw_proj1/vitis_classic/zybo_z7_20_pfm1/export/zybo_z7_20_pfm1/sw/zybo_z7_20_pfm1/standalone_domain/bspinclude/include -MMD -MP -MF"src/intr_sys.d" -MT"src/intr_sys.o" -o "src/intr_sys.o" "../src/intr_sys.c"
'Finished building: ../src/intr_sys.c'
' '
'Building file: ../src/sw_proj8_main.cpp'
'Invoking: ARM v7 g++ compiler'
arm-none-eabi-g++ -Wall -O0 -g3 -c -fmessage-length=0 -MT"src/sw_proj8_main.o" -mcpu=cortex-a9 -mfpu=vfpv3 -mfloat-abi=hard -IF:/Documents/GitHub/zynq-cpp-sandbox/2023.2/zybo-z7-20/hw_proj1/vitis_classic/zybo_z7_20_pfm1/export/zybo_z7_20_pfm1/sw/zybo_z7_20_pfm1/standalone_domain/bspinclude/include -MMD -MP -MF"src/sw_proj8_main.d" -MT"src/sw_proj8_main.o" -o "src/sw_proj8_main.o" "../src/sw_proj8_main.cpp"
'Finished building: ../src/sw_proj8_main.cpp'
' '
'Building file: ../src/system_config.cpp'
'Invoking: ARM v7 g++ compiler'
arm-none-eabi-g++ -Wall -O0 -g3 -c -fmessage-length=0 -MT"src/system_config.o" -mcpu=cortex-a9 -mfpu=vfpv3 -mfloat-abi=hard -IF:/Documents/GitHub/zynq-cpp-sandbox/2023.2/zybo-z7-20/hw_proj1/vitis_classic/zybo_z7_20_pfm1/export/zybo_z7_20_pfm1/sw/zybo_z7_20_pfm1/standalone_domain/bspinclude/include -MMD -MP -MF"src/system_config.d" -MT"src/system_config.o" -o "src/system_config.o" "../src/system_config.cpp"
'Finished building: ../src/system_config.cpp'
' '
'Building file: ../src/tasks.cpp'
'Invoking: ARM v7 g++ compiler'
arm-none-eabi-g++ -Wall -O0 -g3 -c -fmessage-length=0 -MT"src/tasks.o" -mcpu=cortex-a9 -mfpu=vfpv3 -mfloat-abi=hard -IF:/Documents/GitHub/zynq-cpp-sandbox/2023.2/zybo-z7-20/hw_proj1/vitis_classic/zybo_z7_20_pfm1/export/zybo_z7_20_pfm1/sw/zybo_z7_20_pfm1/standalone_domain/bspinclude/include -MMD -MP -MF"src/tasks.d" -MT"src/tasks.o" -o "src/tasks.o" "../src/tasks.cpp"
'Finished building: ../src/tasks.cpp'
' '
'Building target: sw_proj8_cpp.elf'
'Invoking: ARM v7 g++ linker'
arm-none-eabi-g++ -mcpu=cortex-a9 -mfpu=vfpv3 -mfloat-abi=hard -Wl,-build-id=none -specs=Xilinx.spec -Wl,-T -Wl,../src/lscript.ld -LF:/Documents/GitHub/zynq-cpp-sandbox/2023.2/zybo-z7-20/hw_proj1/vitis_classic/zybo_z7_20_pfm1/export/zybo_z7_20_pfm1/sw/zybo_z7_20_pfm1/standalone_domain/bsplib/lib -o "sw_proj8_cpp.elf"  ./src/classes/axi_gpio.o ./src/classes/cmd_handler.o ./src/classes/ps_gpio.o ./src/classes/ps_uart.o ./src/classes/scutimer.o ./src/classes/scuwdt.o ./src/classes/ttc.o  ./src/intr_sys.o ./src/sw_proj8_main.o ./src/system_config.o ./src/tasks.o   -Wl,--start-group,-lxil,-lgcc,-lc,-lstdc++,--end-group
'Finished building target: sw_proj8_cpp.elf'
' '
'Invoking: ARM v7 Print Size'
arm-none-eabi-size sw_proj8_cpp.elf  |tee "sw_proj8_cpp.elf.size"
   text	   data	    bss	    dec	    hex	filename
  58523	   2964	  23212	  84699	  14adb	sw_proj8_cpp.elf
'Finished building: sw_proj8_cpp.elf.size'
' '
16:55:14 **** Incremental Build of configuration Debug for project sw_proj8_cpp_system ****
make all 
Generating bif file for the system project
generate_system_bif.bat 64310 F:/Documents/GitHub/zynq-cpp-sandbox/2023.2/zybo-z7-20/hw_proj1/vitis_classic/zybo_z7_20_pfm1/export/zybo_z7_20_pfm1/zybo_z7_20_pfm1.xpfm standalone_domain F:/Documents/GitHub/zynq-cpp-sandbox/2023.2/zybo-z7-20/hw_proj1/vitis_classic/sw_proj8_cpp_system/Debug/system.bif
sdcard_gen --xpfm F:/Documents/GitHub/zynq-cpp-sandbox/2023.2/zybo-z7-20/hw_proj1/vitis_classic/zybo_z7_20_pfm1/export/zybo_z7_20_pfm1/zybo_z7_20_pfm1.xpfm --sys_config zybo_z7_20_pfm1 --bif F:/Documents/GitHub/zynq-cpp-sandbox/2023.2/zybo-z7-20/hw_proj1/vitis_classic/sw_proj8_cpp_system/Debug/system.bif --bitstream F:/Documents/GitHub/zynq-cpp-sandbox/2023.2/zybo-z7-20/hw_proj1/vitis_classic/sw_proj8_cpp/_ide/bitstream/hw_proj1_wrapper.bit --elf F:/Documents/GitHub/zynq-cpp-sandbox/2023.2/zybo-z7-20/hw_proj1/vitis_classic/sw_proj8_cpp/Debug/sw_proj8_cpp.elf,ps7_cortexa9_0
creating BOOT.BIN using F:/Documents/GitHub/zynq-cpp-sandbox/2023.2/zybo-z7-20/hw_proj1/vitis_classic/sw_proj8_cpp/_ide/bitstream/hw_proj1_wrapper.bit
Running C:/Xilinx/Vitis/2023.2/bin/bootgen  -image F:/Documents/GitHub/zynq-cpp-sandbox/2023.2/zybo-z7-20/hw_proj1/vitis_classic/sw_proj8_cpp_system/Debug/sd_card_temp/boot.bif -w -o i BOOT.BIN
